=> o = 0
=> c = 0
=> o = 1
=> c = 0
=> o = 1
=> c = 0
=> o = 0
=> c = 1
=> o = 0
=> c = 0
=> o = 1
=> c = 0
=> o = 1
=> c = 0
=> o = 0
=> c = 1
=> o = 0
=> c = 0
=> o = 0
=> c = 1
