=> rom = <0000>
=> o = <1101>
=> rom = <1111>
=> o = <1111>
=> rom = <0101>
=> o = <1101>
=> rom = <1010>
=> o = <1111>
=> rom = <0000>
=> o = <1101>
=> rom = <1111>
=> o = <1111>
=> rom = <0101>
=> o = <1101>
=> rom = <1010>
=> o = <1111>
=> rom = <0000>
=> o = <1111>
=> rom = <1010>
=> o = <1111>
