=> s = 0
=> r = 0
=> s = 1
=> r = 0
=> s = 1
=> r = 1
=> s = 0
=> r = 0
=> s = 1
=> r = 0
=> s = 1
=> r = 0
=> s = 1
=> r = 0
=> s = 1
=> r = 0
=> s = 1
=> r = 0
=> s = 1
=> r = 0
