=> o = <0000>
=> o = <0010>
=> o = <0010>
=> o = <1001>
=> o = <1001>
=> o = <0111>
=> o = <0111>
=> o = <1100>
=> o = <1100>
=> o = <0010>
