=> o = <0000>
=> o = <0000>
=> o = <0000>
=> o = <0000>
=> o = <0000>
=> o = <1100>
=> o = <1111>
=> o = <1111>
=> o = <0000>
=> o = <1111>
